2025-11-13 08:20:36,034 INFO: Whitelist application startup [in C:\Users\junior\PycharmProjects\whitelist_app\app_production.py:25]
2025-11-13 08:20:36,156 INFO: Запуск production сервера на порту 5000 [in C:\Users\junior\PycharmProjects\whitelist_app\app_production.py:288]
2025-11-13 08:29:37,235 INFO: Whitelist application startup [in C:\Users\junior\PycharmProjects\whitelist_app\app_production.py:25]
2025-11-13 08:29:37,333 INFO: Запуск production сервера на порту 5000 [in C:\Users\junior\PycharmProjects\whitelist_app\app_production.py:564]
2025-11-13 08:32:24,782 INFO: Данные успешно сохранены [in C:\Users\junior\PycharmProjects\whitelist_app\app_production.py:237]
2025-11-13 08:33:04,941 INFO: Данные успешно сохранены [in C:\Users\junior\PycharmProjects\whitelist_app\app_production.py:237]
2025-11-13 08:36:13,863 INFO: Данные успешно сохранены [in C:\Users\junior\PycharmProjects\whitelist_app\app_production.py:237]
2025-11-13 08:36:27,565 INFO: Данные успешно сохранены [in C:\Users\junior\PycharmProjects\whitelist_app\app_production.py:237]
2025-11-13 08:37:05,974 INFO: Данные успешно сохранены [in C:\Users\junior\PycharmProjects\whitelist_app\app_production.py:237]
2025-11-13 08:49:29,089 INFO: Данные успешно сохранены [in C:\Users\junior\PycharmProjects\whitelist_app\app_production.py:237]
2025-11-13 08:49:45,254 INFO: Данные успешно сохранены [in C:\Users\junior\PycharmProjects\whitelist_app\app_production.py:237]
2025-11-13 08:49:49,717 INFO: Данные успешно сохранены [in C:\Users\junior\PycharmProjects\whitelist_app\app_production.py:237]
2025-11-13 08:49:57,421 INFO: Данные успешно сохранены [in C:\Users\junior\PycharmProjects\whitelist_app\app_production.py:237]
2025-11-13 11:40:33,388 INFO: Whitelist application startup [in C:\Users\junior\PycharmProjects\whitelist_app\app_production.py:27]
2025-11-13 11:40:33,389 INFO: Создана директория для бэкапов: backups [in C:\Users\junior\PycharmProjects\whitelist_app\app_production.py:47]
2025-11-13 11:40:33,396 INFO: Создан бэкап: backups\resources_backup_20251113_114033.json [in C:\Users\junior\PycharmProjects\whitelist_app\app_production.py:62]
2025-11-13 11:40:33,638 INFO: Запуск production сервера на порту 5000 [in C:\Users\junior\PycharmProjects\whitelist_app\app_production.py:736]
2025-11-13 11:46:27,002 INFO: Создан бэкап: backups\resources_backup_20251113_114626.json [in C:\Users\junior\PycharmProjects\whitelist_app\app_production.py:62]
2025-11-13 11:46:27,005 INFO: Данные успешно сохранены [in C:\Users\junior\PycharmProjects\whitelist_app\app_production.py:367]
2025-11-13 11:46:30,596 INFO: Создан бэкап: backups\resources_backup_20251113_114630.json [in C:\Users\junior\PycharmProjects\whitelist_app\app_production.py:62]
2025-11-13 11:46:30,603 INFO: Данные успешно сохранены [in C:\Users\junior\PycharmProjects\whitelist_app\app_production.py:367]
2025-11-13 11:46:33,688 INFO: Создан бэкап: backups\resources_backup_20251113_114633.json [in C:\Users\junior\PycharmProjects\whitelist_app\app_production.py:62]
2025-11-13 11:46:33,691 INFO: Данные успешно сохранены [in C:\Users\junior\PycharmProjects\whitelist_app\app_production.py:367]
2025-11-13 11:46:37,031 INFO: Создан бэкап: backups\resources_backup_20251113_114637.json [in C:\Users\junior\PycharmProjects\whitelist_app\app_production.py:62]
2025-11-13 11:46:37,034 INFO: Данные успешно сохранены [in C:\Users\junior\PycharmProjects\whitelist_app\app_production.py:367]
2025-11-13 11:46:40,027 INFO: Создан бэкап: backups\resources_backup_20251113_114640.json [in C:\Users\junior\PycharmProjects\whitelist_app\app_production.py:62]
2025-11-13 11:46:40,033 INFO: Данные успешно сохранены [in C:\Users\junior\PycharmProjects\whitelist_app\app_production.py:367]
2025-11-13 11:46:44,820 INFO: Создан бэкап: backups\resources_backup_20251113_114644.json [in C:\Users\junior\PycharmProjects\whitelist_app\app_production.py:62]
2025-11-13 11:46:44,822 INFO: Данные успешно сохранены [in C:\Users\junior\PycharmProjects\whitelist_app\app_production.py:367]
2025-11-17 09:21:18,566 INFO: Whitelist application startup [in C:\Users\junior\PycharmProjects\whitelist_app\app_production.py:27]
2025-11-17 09:21:18,573 INFO: Создан бэкап: backups\resources_backup_20251117_092118.json [in C:\Users\junior\PycharmProjects\whitelist_app\app_production.py:62]
2025-11-17 09:21:18,709 INFO: Запуск production сервера на порту 5000 [in C:\Users\junior\PycharmProjects\whitelist_app\app_production.py:736]
